1788741518 use=[0 0 0 ] mem=[59953152 59953152 59953152 ] benchcpu=[0.0]
1788741521 use=[12 12 12 ] mem=[22332919808 22618140672 22702026752 ] benchcpu=[0.0]
1788741524 use=[12 15 12 ] mem=[22332919808 22618140672 22702026752 ] benchcpu=[0.0]
1788741527 use=[14 13 13 ] mem=[22332919808 22618140672 22702026752 ] benchcpu=[0.0]
1788741530 use=[9 11 11 ] mem=[22332919808 22618140672 22702026752 ] benchcpu=[0.0]
1788741533 use=[11 11 10 ] mem=[22332919808 22618140672 22702026752 ] benchcpu=[0.0]
1788741537 use=[9 11 10 ] mem=[22332919808 22618140672 22702026752 ] benchcpu=[0.0]
1788741540 use=[29 29 29 ] mem=[22332997632 22618218496 22702104576 ] benchcpu=[0.0]
1788741543 use=[26 27 28 ] mem=[27836866560 28130566144 28218855424 ] benchcpu=[0.0]
1788741546 use=[96 96 96 ] mem=[27839184896 28132884480 28221173760 ] benchcpu=[0.0]
1788741549 use=[96 96 96 ] mem=[27845476352 28139175936 28227465216 ] benchcpu=[0.0]
1788741552 use=[45 58 3 ] mem=[27845476352 28139175936 28227465216 ] benchcpu=[0.0]
1788741555 use=[3 50 53 ] mem=[27845476352 28139175936 28227465216 ] benchcpu=[0.0]
1788741559 use=[44 59 3 ] mem=[27845476352 28139175936 28227465216 ] benchcpu=[0.0]
1788741562 use=[59 3 43 ] mem=[27845476352 28139175936 28227465216 ] benchcpu=[0.0]
1788741565 use=[65 38 3 ] mem=[27845476352 28139175936 28227465216 ] benchcpu=[0.0]
1788741568 use=[59 3 44 ] mem=[27845476352 28139175936 28227465216 ] benchcpu=[0.0]
1788741571 use=[43 59 4 ] mem=[27845476352 28139175936 28227465216 ] benchcpu=[0.0]
1788741574 use=[99 99 99 ] mem=[27845476352 28139175936 28227465216 ] benchcpu=[0.0]
1788741577 use=[97 97 97 ] mem=[27845476352 28139175936 28227465216 ] benchcpu=[0.0]
1788741581 use=[59 36 77 ] mem=[27845476352 28139175936 28227465216 ] benchcpu=[0.0]
1788741584 use=[75 29 3 ] mem=[27845476352 28139175936 28227465216 ] benchcpu=[0.0]
1788741587 use=[37 3 66 ] mem=[27845476352 28139175936 28227465216 ] benchcpu=[0.0]
1788741590 use=[3 76 27 ] mem=[27845476352 28139175936 28227465216 ] benchcpu=[0.0]
1788741593 use=[55 3 48 ] mem=[27845476352 28139175936 28227465216 ] benchcpu=[0.0]
1788741596 use=[3 38 65 ] mem=[27845476352 28139175936 28227465216 ] benchcpu=[0.0]
1788741599 use=[51 27 28 ] mem=[27845476352 28139175936 28227465216 ] benchcpu=[0.0]
1788741602 use=[3 49 54 ] mem=[27845476352 28139175936 28227465216 ] benchcpu=[0.0]
1788741606 use=[100 100 100 ] mem=[27845476352 28139175936 28227465216 ] benchcpu=[0.0]
1788741609 use=[98 98 98 ] mem=[27845476352 28139175936 28227465216 ] benchcpu=[0.0]
1788741612 use=[94 10 3 ] mem=[27845476352 28139175936 28227465216 ] benchcpu=[0.0]
1788741615 use=[22 51 33 ] mem=[27845476352 28139175936 28227465216 ] benchcpu=[0.0]
1788741618 use=[33 70 3 ] mem=[27845476352 28139175936 28227465216 ] benchcpu=[0.0]
1788741621 use=[5 54 47 ] mem=[27845476352 28139175936 28227465216 ] benchcpu=[0.0]
1788741624 use=[51 53 3 ] mem=[27845476352 28139175936 28227465216 ] benchcpu=[0.0]
1788741628 use=[3 3 99 ] mem=[27845476352 28139175936 28227465216 ] benchcpu=[0.0]
1788741631 use=[59 44 3 ] mem=[27845476352 28139175936 28227465216 ] benchcpu=[0.0]
1788741634 use=[94 95 95 ] mem=[27845476352 28139175936 28227465216 ] benchcpu=[0.0]
1788741637 use=[97 97 97 ] mem=[27845476352 28139175936 28227465216 ] benchcpu=[0.0]
1788741640 use=[100 100 100 ] mem=[27820310528 28105621504 28189716480 ] benchcpu=[0.0]
1788741643 use=[98 98 98 ] mem=[27648147456 27941826560 28030111744 ] benchcpu=[0.0]
1788741646 use=[34 53 18 ] mem=[27648147456 27941826560 28030111744 ] benchcpu=[0.0]
1788741650 use=[3 99 3 ] mem=[27648147456 27941826560 28030111744 ] benchcpu=[0.0]
1788741653 use=[22 47 37 ] mem=[27648147456 27941826560 28030111744 ] benchcpu=[0.0]
1788741656 use=[27 27 66 ] mem=[27648147456 27941826560 28030111744 ] benchcpu=[0.0]
1788741659 use=[98 98 98 ] mem=[27648147456 27941826560 28030111744 ] benchcpu=[0.0]
1788741662 use=[3 41 62 ] mem=[27648147456 27941826560 28030111744 ] benchcpu=[0.0]
1788741665 use=[22 42 42 ] mem=[27648147456 27941826560 28030111744 ] benchcpu=[0.0]
1788741668 use=[29 9 69 ] mem=[27648147456 27941826560 28030111744 ] benchcpu=[0.0]
1788741672 use=[68 69 64 ] mem=[27648147456 27941826560 28030111744 ] benchcpu=[0.0]
1788741675 use=[80 60 80 ] mem=[27648147456 27941826560 28030111744 ] benchcpu=[0.0]
1788741678 use=[25 3 78 ] mem=[27648147456 27941826560 28030111744 ] benchcpu=[0.0]
1788741681 use=[35 20 51 ] mem=[27648147456 27941826560 28030111744 ] benchcpu=[0.0]
1788741684 use=[57 44 6 ] mem=[27648147456 27941826560 28030111744 ] benchcpu=[0.0]
1788741687 use=[82 82 92 ] mem=[27648147456 27941826560 28030111744 ] benchcpu=[0.0]
1788741690 use=[69 70 70 ] mem=[27551682560 27845386240 27933659136 ] benchcpu=[0.0]
1788741694 use=[38 33 35 ] mem=[27551682560 27845386240 27933659136 ] benchcpu=[0.0]
1788741697 use=[34 34 38 ] mem=[27551682560 27845386240 27933659136 ] benchcpu=[0.0]
1788741700 use=[47 56 3 ] mem=[27552223232 27845926912 27934199808 ] benchcpu=[0.0]
1788741703 use=[36 35 35 ] mem=[27552223232 27845926912 27934199808 ] benchcpu=[0.0]
1788741706 use=[96 97 96 ] mem=[27552223232 27845926912 27934199808 ] benchcpu=[0.0]
1788741709 use=[31 38 38 ] mem=[27552223232 27845926912 27934199808 ] benchcpu=[0.0]
1788741712 use=[22 47 32 ] mem=[27552223232 27845926912 27934199808 ] benchcpu=[0.0]
1788741716 use=[73 68 73 ] mem=[27520196608 27813904384 27902185472 ] benchcpu=[0.0]
1788741719 use=[54 56 50 ] mem=[27520466944 27814174720 27902455808 ] benchcpu=[0.0]
1788741722 use=[46 55 6 ] mem=[27520466944 27814174720 27902455808 ] benchcpu=[0.0]
1788741725 use=[38 38 30 ] mem=[27520466944 27814174720 27902455808 ] benchcpu=[0.0]
1788741728 use=[41 32 39 ] mem=[25165029376 25458724864 25547010048 ] benchcpu=[0.0]
1788741731 use=[38 39 38 ] mem=[25165299712 25458995200 25547280384 ] benchcpu=[0.0]
1788741734 use=[19 19 19 ] mem=[23990599680 24284295168 24372580352 ] benchcpu=[0.0]
1788741738 use=[47 48 47 ] mem=[23990870016 24284565504 24372850688 ] benchcpu=[0.0]
1788741741 use=[97 97 97 ] mem=[23046377472 23340060672 23428325376 ] benchcpu=[0.0]
1788741744 use=[96 97 96 ] mem=[23046377472 23340060672 23428325376 ] benchcpu=[0.0]
1788741747 use=[65 65 65 ] mem=[22938562560 23212511232 23296581632 ] benchcpu=[0.0]
