1788741287 use=[0 0 0 ] mem=[59953152 59953152 59953152 ] benchcpu=[0.0]
1788741290 use=[15 14 14 ] mem=[22332932096 22618144768 22702034944 ] benchcpu=[0.0]
1788741293 use=[9 16 11 ] mem=[22332932096 22618144768 22702034944 ] benchcpu=[0.0]
1788741297 use=[12 12 12 ] mem=[22332932096 22618144768 22702034944 ] benchcpu=[0.0]
1788741300 use=[8 11 12 ] mem=[22332932096 22618144768 22702034944 ] benchcpu=[0.0]
1788741303 use=[10 10 10 ] mem=[22332932096 22618144768 22702034944 ] benchcpu=[0.0]
1788741306 use=[10 11 11 ] mem=[22332932096 22618144768 22702034944 ] benchcpu=[0.0]
1788741309 use=[18 19 19 ] mem=[22333014016 22618226688 22702116864 ] benchcpu=[0.0]
1788741312 use=[59 57 59 ] mem=[27837386752 28130676736 28218839040 ] benchcpu=[0.0]
1788741315 use=[100 100 100 ] mem=[27839483904 28132773888 28220936192 ] benchcpu=[0.0]
1788741319 use=[79 79 98 ] mem=[27845775360 28139065344 28227227648 ] benchcpu=[0.0]
1788741322 use=[22 81 3 ] mem=[27845775360 28139065344 28227227648 ] benchcpu=[0.0]
1788741325 use=[25 23 58 ] mem=[27845775360 28139065344 28227227648 ] benchcpu=[0.0]
1788741328 use=[59 44 3 ] mem=[27845775360 28139065344 28227227648 ] benchcpu=[0.0]
1788741331 use=[27 5 73 ] mem=[27845775360 28139065344 28227227648 ] benchcpu=[0.0]
1788741334 use=[31 46 29 ] mem=[27845775360 28139065344 28227227648 ] benchcpu=[0.0]
1788741337 use=[53 50 3 ] mem=[27845775360 28139065344 28227227648 ] benchcpu=[0.0]
1788741341 use=[5 65 37 ] mem=[27845775360 28139065344 28227227648 ] benchcpu=[0.0]
1788741344 use=[96 96 96 ] mem=[27845775360 28139065344 28227227648 ] benchcpu=[0.0]
1788741347 use=[97 97 97 ] mem=[27845775360 28139065344 28227227648 ] benchcpu=[0.0]
1788741350 use=[62 11 32 ] mem=[27845775360 28139065344 28227227648 ] benchcpu=[0.0]
1788741353 use=[27 52 27 ] mem=[27845775360 28139065344 28227227648 ] benchcpu=[0.0]
1788741356 use=[54 48 3 ] mem=[27845775360 28139065344 28227227648 ] benchcpu=[0.0]
1788741359 use=[3 3 100 ] mem=[27845775360 28139065344 28227227648 ] benchcpu=[0.0]
1788741363 use=[50 53 3 ] mem=[27845775360 28139065344 28227227648 ] benchcpu=[0.0]
1788741366 use=[3 3 100 ] mem=[27845775360 28139065344 28227227648 ] benchcpu=[0.0]
1788741369 use=[48 55 3 ] mem=[27845775360 28139065344 28227227648 ] benchcpu=[0.0]
1788741372 use=[97 97 97 ] mem=[27845775360 28139065344 28227227648 ] benchcpu=[0.0]
1788741375 use=[97 97 97 ] mem=[27845775360 28139065344 28227227648 ] benchcpu=[0.0]
1788741378 use=[63 63 100 ] mem=[27845775360 28139065344 28227227648 ] benchcpu=[0.0]
1788741381 use=[100 3 3 ] mem=[27845775360 28139065344 28227227648 ] benchcpu=[0.0]
1788741385 use=[39 3 64 ] mem=[27845775360 28139065344 28227227648 ] benchcpu=[0.0]
1788741388 use=[28 75 3 ] mem=[27845775360 28139065344 28227227648 ] benchcpu=[0.0]
1788741391 use=[39 3 64 ] mem=[27845775360 28139065344 28227227648 ] benchcpu=[0.0]
1788741394 use=[3 46 57 ] mem=[27845775360 28139065344 28227227648 ] benchcpu=[0.0]
1788741397 use=[53 14 39 ] mem=[27845775360 28139065344 28227227648 ] benchcpu=[0.0]
1788741400 use=[3 52 51 ] mem=[27845775360 28139065344 28227227648 ] benchcpu=[0.0]
1788741403 use=[100 100 100 ] mem=[27845775360 28139065344 28227227648 ] benchcpu=[0.0]
1788741407 use=[98 98 98 ] mem=[27845775360 28139065344 28227227648 ] benchcpu=[0.0]
1788741410 use=[100 100 100 ] mem=[27648495616 27941814272 28029952000 ] benchcpu=[0.0]
1788741413 use=[55 37 51 ] mem=[27648495616 27941814272 28029952000 ] benchcpu=[0.0]
1788741416 use=[52 51 3 ] mem=[27648495616 27941814272 28029952000 ] benchcpu=[0.0]
1788741419 use=[47 30 29 ] mem=[27648495616 27941814272 28029952000 ] benchcpu=[0.0]
1788741422 use=[53 50 3 ] mem=[27648495616 27941814272 28029952000 ] benchcpu=[0.0]
1788741425 use=[100 100 100 ] mem=[27648495616 27941814272 28029952000 ] benchcpu=[0.0]
1788741428 use=[44 59 3 ] mem=[27648495616 27941814272 28029952000 ] benchcpu=[0.0]
1788741432 use=[3 34 69 ] mem=[27648495616 27941814272 28029952000 ] benchcpu=[0.0]
1788741435 use=[35 53 19 ] mem=[27648495616 27941814272 28029952000 ] benchcpu=[0.0]
1788741438 use=[3 42 58 ] mem=[27648495616 27941814272 28029952000 ] benchcpu=[0.0]
1788741441 use=[97 98 97 ] mem=[27648495616 27941814272 28029952000 ] benchcpu=[0.0]
1788741444 use=[3 38 65 ] mem=[27648495616 27941814272 28029952000 ] benchcpu=[0.0]
1788741447 use=[100 3 3 ] mem=[27648495616 27941814272 28029952000 ] benchcpu=[0.0]
1788741450 use=[23 23 60 ] mem=[27648495616 27941814272 28029952000 ] benchcpu=[0.0]
1788741454 use=[93 94 93 ] mem=[27648495616 27941814272 28029952000 ] benchcpu=[0.0]
1788741457 use=[78 78 78 ] mem=[27551981568 27845292032 27933442048 ] benchcpu=[0.0]
1788741460 use=[38 4 63 ] mem=[27551981568 27845292032 27933442048 ] benchcpu=[0.0]
1788741463 use=[38 38 30 ] mem=[27551981568 27845292032 27933442048 ] benchcpu=[0.0]
1788741466 use=[58 35 42 ] mem=[27552522240 27845832704 27933982720 ] benchcpu=[0.0]
1788741469 use=[40 40 26 ] mem=[27552522240 27845832704 27933982720 ] benchcpu=[0.0]
1788741472 use=[96 96 96 ] mem=[27552522240 27845832704 27933982720 ] benchcpu=[0.0]
1788741476 use=[3 58 45 ] mem=[27552522240 27845832704 27933982720 ] benchcpu=[0.0]
1788741479 use=[35 37 28 ] mem=[27552522240 27845832704 27933982720 ] benchcpu=[0.0]
1788741482 use=[93 90 97 ] mem=[27520462848 27813793792 27901947904 ] benchcpu=[0.0]
1788741485 use=[40 41 38 ] mem=[27520733184 27814064128 27902218240 ] benchcpu=[0.0]
1788741488 use=[36 39 31 ] mem=[27520733184 27814064128 27902218240 ] benchcpu=[0.0]
1788741491 use=[38 37 32 ] mem=[27520733184 27814064128 27902218240 ] benchcpu=[0.0]
1788741494 use=[54 54 51 ] mem=[25165316096 25458626560 25546784768 ] benchcpu=[0.0]
1788741498 use=[28 49 28 ] mem=[25165586432 25458896896 25547055104 ] benchcpu=[0.0]
1788741501 use=[59 62 59 ] mem=[23990874112 24284184576 24372342784 ] benchcpu=[0.0]
1788741504 use=[59 65 58 ] mem=[23965978624 24250900480 24334864384 ] benchcpu=[0.0]
1788741507 use=[96 96 96 ] mem=[23046656000 23340003328 23428141056 ] benchcpu=[0.0]
1788741510 use=[81 82 81 ] mem=[23046656000 23340003328 23428141056 ] benchcpu=[0.0]
1788741513 use=[74 74 74 ] mem=[589352960 589099008 589156352 ] benchcpu=[0.0]
