1788745601 use=[0 0 0 ] mem=[59912192 59912192 59912192 ] benchcpu=[0.0]
1788745604 use=[12 16 19 ] mem=[22332932096 22618144768 22702034944 ] benchcpu=[0.0]
1788745607 use=[12 13 13 ] mem=[22332932096 22618144768 22702034944 ] benchcpu=[0.0]
1788745610 use=[13 13 13 ] mem=[22332932096 22618144768 22702034944 ] benchcpu=[0.0]
1788745613 use=[12 11 11 ] mem=[22332932096 22618144768 22702034944 ] benchcpu=[0.0]
1788745616 use=[11 11 11 ] mem=[22332932096 22618144768 22702034944 ] benchcpu=[0.0]
1788745620 use=[10 11 11 ] mem=[22332932096 22618144768 22702034944 ] benchcpu=[0.0]
1788745623 use=[15 18 19 ] mem=[22333009920 22618214400 22702112768 ] benchcpu=[0.0]
1788745626 use=[12 13 14 ] mem=[27746066432 28088881152 28178882560 ] benchcpu=[0.0]
1788745629 use=[97 97 97 ] mem=[27839492096 28132904960 28220858368 ] benchcpu=[0.0]
1788745632 use=[97 97 97 ] mem=[27845783552 28139196416 28227149824 ] benchcpu=[0.0]
1788745635 use=[55 48 3 ] mem=[27845783552 28139196416 28227149824 ] benchcpu=[0.0]
1788745638 use=[3 3 100 ] mem=[27845783552 28139196416 28227149824 ] benchcpu=[0.0]
1788745642 use=[41 62 3 ] mem=[27845783552 28139196416 28227149824 ] benchcpu=[0.0]
1788745645 use=[26 3 76 ] mem=[27845783552 28139196416 28227149824 ] benchcpu=[0.0]
1788745648 use=[55 48 3 ] mem=[27845783552 28139196416 28227149824 ] benchcpu=[0.0]
1788745651 use=[67 3 37 ] mem=[27845783552 28139196416 28227149824 ] benchcpu=[0.0]
1788745654 use=[51 52 3 ] mem=[27845783552 28139196416 28227149824 ] benchcpu=[0.0]
1788745657 use=[96 96 96 ] mem=[27845783552 28139196416 28227149824 ] benchcpu=[0.0]
1788745660 use=[100 100 100 ] mem=[27845783552 28139196416 28227149824 ] benchcpu=[0.0]
1788745663 use=[46 10 64 ] mem=[27845783552 28139196416 28227149824 ] benchcpu=[0.0]
1788745667 use=[3 88 16 ] mem=[27845783552 28139196416 28227149824 ] benchcpu=[0.0]
1788745670 use=[54 3 49 ] mem=[27845783552 28139196416 28227149824 ] benchcpu=[0.0]
1788745673 use=[3 32 71 ] mem=[27845783552 28139196416 28227149824 ] benchcpu=[0.0]
1788745676 use=[53 25 28 ] mem=[27845783552 28139196416 28227149824 ] benchcpu=[0.0]
1788745679 use=[3 52 51 ] mem=[27845783552 28139196416 28227149824 ] benchcpu=[0.0]
1788745682 use=[100 3 3 ] mem=[27845783552 28139196416 28227149824 ] benchcpu=[0.0]
1788745685 use=[14 53 53 ] mem=[27845783552 28139196416 28227149824 ] benchcpu=[0.0]
1788745689 use=[93 93 93 ] mem=[27845783552 28139196416 28227149824 ] benchcpu=[0.0]
1788745692 use=[97 97 97 ] mem=[27845783552 28139196416 28227149824 ] benchcpu=[0.0]
1788745695 use=[75 28 3 ] mem=[27845783552 28139196416 28227149824 ] benchcpu=[0.0]
1788745698 use=[3 31 73 ] mem=[27845783552 28139196416 28227149824 ] benchcpu=[0.0]
1788745701 use=[48 55 3 ] mem=[27845783552 28139196416 28227149824 ] benchcpu=[0.0]
1788745704 use=[100 3 3 ] mem=[27845783552 28139196416 28227149824 ] benchcpu=[0.0]
1788745707 use=[45 58 3 ] mem=[27845783552 28139196416 28227149824 ] benchcpu=[0.0]
1788745711 use=[3 3 100 ] mem=[27845783552 28139196416 28227149824 ] benchcpu=[0.0]
1788745714 use=[35 52 19 ] mem=[27845783552 28139196416 28227149824 ] benchcpu=[0.0]
1788745717 use=[96 96 96 ] mem=[27845783552 28139196416 28227149824 ] benchcpu=[0.0]
1788745720 use=[97 97 97 ] mem=[27845783552 28139196416 28227149824 ] benchcpu=[0.0]
1788745723 use=[80 80 80 ] mem=[27648516096 27941937152 28029906944 ] benchcpu=[0.0]
1788745726 use=[3 3 100 ] mem=[27648516096 27941937152 28029906944 ] benchcpu=[0.0]
1788745729 use=[38 4 64 ] mem=[27648516096 27941937152 28029906944 ] benchcpu=[0.0]
1788745733 use=[31 72 3 ] mem=[27648516096 27941937152 28029906944 ] benchcpu=[0.0]
1788745736 use=[50 20 36 ] mem=[27648516096 27941937152 28029906944 ] benchcpu=[0.0]
1788745739 use=[96 96 96 ] mem=[27648516096 27941937152 28029906944 ] benchcpu=[0.0]
1788745742 use=[54 33 39 ] mem=[27648516096 27941937152 28029906944 ] benchcpu=[0.0]
1788745745 use=[45 57 3 ] mem=[27648516096 27941937152 28029906944 ] benchcpu=[0.0]
1788745748 use=[50 34 22 ] mem=[27648516096 27941937152 28029906944 ] benchcpu=[0.0]
1788745751 use=[43 46 16 ] mem=[27648516096 27941937152 28029906944 ] benchcpu=[0.0]
1788745755 use=[90 90 90 ] mem=[27648516096 27941937152 28029906944 ] benchcpu=[0.0]
1788745758 use=[37 49 20 ] mem=[27648516096 27941937152 28029906944 ] benchcpu=[0.0]
1788745761 use=[3 50 53 ] mem=[27648516096 27941937152 28029906944 ] benchcpu=[0.0]
1788745764 use=[24 46 36 ] mem=[27648516096 27941937152 28029906944 ] benchcpu=[0.0]
1788745767 use=[35 60 65 ] mem=[27648516096 27941937152 28029906944 ] benchcpu=[0.0]
1788745770 use=[88 88 88 ] mem=[27623350272 27908382720 27992158208 ] benchcpu=[0.0]
1788745773 use=[40 41 26 ] mem=[27520512000 27813933056 27901902848 ] benchcpu=[0.0]
1788745777 use=[3 41 62 ] mem=[27520782336 27814203392 27902173184 ] benchcpu=[0.0]
1788745780 use=[56 51 58 ] mem=[27520782336 27814203392 27902173184 ] benchcpu=[0.0]
1788745783 use=[44 44 44 ] mem=[23990882304 24284303360 24372281344 ] benchcpu=[0.0]
1788745786 use=[48 50 49 ] mem=[23991152640 24284573696 24372551680 ] benchcpu=[0.0]
1788745789 use=[97 97 97 ] mem=[23046615040 23340093440 23428046848 ] benchcpu=[0.0]
1788745792 use=[90 91 90 ] mem=[23046615040 23340093440 23428046848 ] benchcpu=[0.0]
1788745795 use=[33 33 34 ] mem=[589307904 589185024 589058048 ] benchcpu=[0.0]
