1788738997 use=[0 0 0 ] mem=[59949056 59949056 59949056 ] benchcpu=[0.0]
1788739000 use=[14 15 14 ] mem=[22332932096 22618152960 22702034944 ] benchcpu=[0.0]
1788739004 use=[14 12 12 ] mem=[22332788736 22618009600 22701891584 ] benchcpu=[0.0]
1788739007 use=[3 10 3 ] mem=[22332784640 22618005504 22701887488 ] benchcpu=[0.0]
1788739010 use=[11 11 11 ] mem=[22332932096 22618005504 22701887488 ] benchcpu=[0.0]
1788739013 use=[12 9 11 ] mem=[22332932096 22618152960 22702034944 ] benchcpu=[0.0]
1788739016 use=[11 12 11 ] mem=[22332932096 22618152960 22702034944 ] benchcpu=[0.0]
1788739019 use=[16 17 18 ] mem=[27745849344 28088430592 28127305728 ] benchcpu=[0.0]
1788739022 use=[98 98 98 ] mem=[27839295488 28132593664 28220751872 ] benchcpu=[0.0]
1788739026 use=[97 97 97 ] mem=[27843489792 28136787968 28224946176 ] benchcpu=[0.0]
1788739029 use=[3 98 3 ] mem=[27845586944 28138885120 28227043328 ] benchcpu=[0.0]
1788739032 use=[3 61 42 ] mem=[27845586944 28138885120 28227043328 ] benchcpu=[0.0]
1788739035 use=[48 54 3 ] mem=[27845586944 28138885120 28227043328 ] benchcpu=[0.0]
1788739038 use=[3 40 63 ] mem=[27845586944 28138885120 28227043328 ] benchcpu=[0.0]
1788739041 use=[60 43 3 ] mem=[27845586944 28138885120 28227043328 ] benchcpu=[0.0]
1788739044 use=[5 30 70 ] mem=[27845586944 28138885120 28227043328 ] benchcpu=[0.0]
1788739048 use=[45 58 3 ] mem=[27845586944 28138885120 28227043328 ] benchcpu=[0.0]
1788739051 use=[38 59 61 ] mem=[27845586944 28138885120 28227043328 ] benchcpu=[0.0]
1788739054 use=[98 98 98 ] mem=[27845586944 28138885120 28227043328 ] benchcpu=[0.0]
1788739057 use=[100 100 100 ] mem=[27845586944 28138885120 28227043328 ] benchcpu=[0.0]
1788739060 use=[51 52 3 ] mem=[27845586944 28138885120 28227043328 ] benchcpu=[0.0]
1788739063 use=[8 3 94 ] mem=[27845586944 28138885120 28227043328 ] benchcpu=[0.0]
1788739066 use=[49 54 3 ] mem=[27845586944 28138885120 28227043328 ] benchcpu=[0.0]
1788739070 use=[60 3 44 ] mem=[27845586944 28138885120 28227043328 ] benchcpu=[0.0]
1788739073 use=[50 53 3 ] mem=[27845586944 28138885120 28227043328 ] benchcpu=[0.0]
1788739076 use=[58 3 45 ] mem=[27845586944 28138885120 28227043328 ] benchcpu=[0.0]
1788739079 use=[3 12 91 ] mem=[27845586944 28138885120 28227043328 ] benchcpu=[0.0]
1788739082 use=[97 97 97 ] mem=[27845586944 28138885120 28227043328 ] benchcpu=[0.0]
1788739085 use=[100 100 100 ] mem=[27845586944 28138885120 28227043328 ] benchcpu=[0.0]
1788739088 use=[64 36 71 ] mem=[27845586944 28138885120 28227043328 ] benchcpu=[0.0]
1788739092 use=[49 54 3 ] mem=[27845586944 28138885120 28227043328 ] benchcpu=[0.0]
1788739095 use=[38 3 65 ] mem=[27845586944 28138885120 28227043328 ] benchcpu=[0.0]
1788739098 use=[10 49 47 ] mem=[27845586944 28138885120 28227043328 ] benchcpu=[0.0]
1788739101 use=[3 100 3 ] mem=[27845586944 28138885120 28227043328 ] benchcpu=[0.0]
1788739104 use=[3 58 45 ] mem=[27845586944 28138885120 28227043328 ] benchcpu=[0.0]
1788739107 use=[88 15 3 ] mem=[27845586944 28138885120 28227043328 ] benchcpu=[0.0]
1788739110 use=[3 32 59 ] mem=[27845586944 28138885120 28227043328 ] benchcpu=[0.0]
1788739114 use=[97 97 97 ] mem=[27845586944 28138885120 28227043328 ] benchcpu=[0.0]
1788739117 use=[96 97 96 ] mem=[27845586944 28138885120 28227043328 ] benchcpu=[0.0]
1788739120 use=[98 98 98 ] mem=[27648352256 27941662720 28029816832 ] benchcpu=[0.0]
1788739123 use=[5 98 3 ] mem=[27648352256 27941662720 28029816832 ] benchcpu=[0.0]
1788739126 use=[52 21 33 ] mem=[27648352256 27941662720 28029816832 ] benchcpu=[0.0]
1788739129 use=[53 50 3 ] mem=[27648352256 27941662720 28029816832 ] benchcpu=[0.0]
1788739132 use=[55 33 18 ] mem=[27648352256 27941662720 28029816832 ] benchcpu=[0.0]
1788739136 use=[97 97 97 ] mem=[27648352256 27941662720 28029816832 ] benchcpu=[0.0]
1788739139 use=[51 39 37 ] mem=[27648352256 27941662720 28029816832 ] benchcpu=[0.0]
1788739142 use=[50 53 3 ] mem=[27648352256 27941662720 28029816832 ] benchcpu=[0.0]
1788739145 use=[3 54 49 ] mem=[27648352256 27941662720 28029816832 ] benchcpu=[0.0]
1788739148 use=[37 47 21 ] mem=[27648352256 27941662720 28029816832 ] benchcpu=[0.0]
1788739151 use=[100 100 100 ] mem=[27648352256 27941662720 28029816832 ] benchcpu=[0.0]
1788739154 use=[48 49 9 ] mem=[27648352256 27941662720 28029816832 ] benchcpu=[0.0]
1788739158 use=[12 57 38 ] mem=[27648352256 27941662720 28029816832 ] benchcpu=[0.0]
1788739161 use=[29 53 24 ] mem=[27648352256 27941662720 28029816832 ] benchcpu=[0.0]
1788739164 use=[3 32 52 ] mem=[27648352256 27941662720 28029816832 ] benchcpu=[0.0]
1788739167 use=[100 100 100 ] mem=[27648352256 27941662720 28029816832 ] benchcpu=[0.0]
1788739170 use=[84 74 88 ] mem=[27551870976 27845185536 27933343744 ] benchcpu=[0.0]
1788739173 use=[48 21 37 ] mem=[27551870976 27845185536 27933343744 ] benchcpu=[0.0]
1788739176 use=[44 60 52 ] mem=[27552141312 27845455872 27933614080 ] benchcpu=[0.0]
1788739180 use=[42 22 42 ] mem=[27552411648 27845726208 27933884416 ] benchcpu=[0.0]
1788739183 use=[37 40 29 ] mem=[27552411648 27845726208 27933884416 ] benchcpu=[0.0]
1788739186 use=[63 39 49 ] mem=[27552411648 27845726208 27933884416 ] benchcpu=[0.0]
1788739189 use=[98 3 3 ] mem=[27552411648 27845726208 27933884416 ] benchcpu=[0.0]
1788739192 use=[80 80 80 ] mem=[27552411648 27845726208 27933884416 ] benchcpu=[0.0]
1788739195 use=[45 42 19 ] mem=[27520307200 27813629952 27901779968 ] benchcpu=[0.0]
1788739198 use=[64 62 63 ] mem=[27520577536 27813900288 27902050304 ] benchcpu=[0.0]
1788739201 use=[65 65 65 ] mem=[27520577536 27813900288 27902050304 ] benchcpu=[0.0]
1788739205 use=[35 38 33 ] mem=[27520577536 27813900288 27902050304 ] benchcpu=[0.0]
1788739208 use=[38 37 31 ] mem=[25165168640 25458495488 25546641408 ] benchcpu=[0.0]
1788739211 use=[48 49 46 ] mem=[25165438976 25458765824 25546911744 ] benchcpu=[0.0]
1788739214 use=[43 42 40 ] mem=[23990738944 24284073984 24372228096 ] benchcpu=[0.0]
1788739217 use=[49 49 49 ] mem=[23965843456 24250789888 24334749696 ] benchcpu=[0.0]
1788739220 use=[95 95 94 ] mem=[23046426624 23339810816 23427940352 ] benchcpu=[0.0]
1788739223 use=[73 74 73 ] mem=[23046426624 23339810816 23427940352 ] benchcpu=[0.0]
1788739227 use=[57 58 58 ] mem=[530214912 528957440 529014784 ] benchcpu=[0.0]
