1788739236 use=[0 0 0 ] mem=[59953152 59953152 59953152 ] benchcpu=[0.0]
1788739239 use=[12 14 11 ] mem=[22332932096 22618152960 22702039040 ] benchcpu=[0.0]
1788739242 use=[14 12 14 ] mem=[22332932096 22618152960 22702039040 ] benchcpu=[0.0]
1788739246 use=[12 13 13 ] mem=[22332932096 22618152960 22702039040 ] benchcpu=[0.0]
1788739249 use=[10 11 11 ] mem=[22332932096 22618152960 22702039040 ] benchcpu=[0.0]
1788739252 use=[11 11 12 ] mem=[22332932096 22618152960 22702039040 ] benchcpu=[0.0]
1788739255 use=[11 13 12 ] mem=[22332932096 22618152960 22702039040 ] benchcpu=[0.0]
1788739258 use=[5 5 5 ] mem=[27378593792 27767103488 27760054272 ] benchcpu=[0.0]
1788739261 use=[100 100 100 ] mem=[27709362176 28002668544 28090834944 ] benchcpu=[0.0]
1788739265 use=[96 96 96 ] mem=[27715653632 28008960000 28097126400 ] benchcpu=[0.0]
1788739268 use=[31 3 71 ] mem=[27717750784 28011057152 28099223552 ] benchcpu=[0.0]
1788739271 use=[31 55 20 ] mem=[27717750784 28011057152 28099223552 ] benchcpu=[0.0]
1788739274 use=[52 15 38 ] mem=[27717750784 28011057152 28099223552 ] benchcpu=[0.0]
1788739277 use=[3 99 3 ] mem=[27717750784 28011057152 28099223552 ] benchcpu=[0.0]
1788739280 use=[55 42 9 ] mem=[27717750784 28011057152 28099223552 ] benchcpu=[0.0]
1788739283 use=[3 3 100 ] mem=[27717750784 28011057152 28099223552 ] benchcpu=[0.0]
1788739286 use=[50 53 3 ] mem=[27717750784 28011057152 28099223552 ] benchcpu=[0.0]
1788739290 use=[50 50 60 ] mem=[27717750784 28011057152 28099223552 ] benchcpu=[0.0]
1788739293 use=[97 97 97 ] mem=[27717750784 28011057152 28099223552 ] benchcpu=[0.0]
1788739296 use=[97 97 97 ] mem=[27717750784 28011057152 28099223552 ] benchcpu=[0.0]
1788739299 use=[98 3 3 ] mem=[27717750784 28011057152 28099223552 ] benchcpu=[0.0]
1788739302 use=[3 43 60 ] mem=[27717750784 28011057152 28099223552 ] benchcpu=[0.0]
1788739305 use=[3 100 3 ] mem=[27717750784 28011057152 28099223552 ] benchcpu=[0.0]
1788739308 use=[16 24 66 ] mem=[27717750784 28011057152 28099223552 ] benchcpu=[0.0]
1788739312 use=[82 21 3 ] mem=[27717750784 28011057152 28099223552 ] benchcpu=[0.0]
1788739315 use=[30 3 73 ] mem=[27717750784 28011057152 28099223552 ] benchcpu=[0.0]
1788739318 use=[33 58 15 ] mem=[27717750784 28011057152 28099223552 ] benchcpu=[0.0]
1788739321 use=[78 78 87 ] mem=[27717750784 28011057152 28099223552 ] benchcpu=[0.0]
1788739324 use=[98 98 98 ] mem=[27717750784 28011057152 28099223552 ] benchcpu=[0.0]
1788739327 use=[99 3 3 ] mem=[27717750784 28011057152 28099223552 ] benchcpu=[0.0]
1788739330 use=[60 43 3 ] mem=[27717750784 28011057152 28099223552 ] benchcpu=[0.0]
1788739334 use=[36 3 67 ] mem=[27717750784 28011057152 28099223552 ] benchcpu=[0.0]
1788739337 use=[36 59 11 ] mem=[27717750784 28011057152 28099223552 ] benchcpu=[0.0]
1788739340 use=[52 3 50 ] mem=[27717750784 28011057152 28099223552 ] benchcpu=[0.0]
1788739343 use=[27 52 27 ] mem=[27717750784 28011057152 28099223552 ] benchcpu=[0.0]
1788739346 use=[46 45 15 ] mem=[27717750784 28011057152 28099223552 ] benchcpu=[0.0]
1788739349 use=[3 3 99 ] mem=[27717750784 28011057152 28099223552 ] benchcpu=[0.0]
1788739352 use=[96 97 96 ] mem=[27717750784 28011057152 28099223552 ] benchcpu=[0.0]
1788739356 use=[100 100 100 ] mem=[27717750784 28011057152 28099223552 ] benchcpu=[0.0]
1788739359 use=[61 61 61 ] mem=[27587366912 27880689664 27968856064 ] benchcpu=[0.0]
1788739362 use=[50 19 70 ] mem=[27587366912 27880689664 27968856064 ] benchcpu=[0.0]
1788739365 use=[27 28 51 ] mem=[27587366912 27880689664 27968856064 ] benchcpu=[0.0]
1788739368 use=[49 26 32 ] mem=[27587366912 27880689664 27968856064 ] benchcpu=[0.0]
1788739371 use=[71 32 3 ] mem=[27587366912 27880689664 27968856064 ] benchcpu=[0.0]
1788739374 use=[98 99 98 ] mem=[27587366912 27880689664 27968856064 ] benchcpu=[0.0]
1788739378 use=[47 55 3 ] mem=[27587366912 27880689664 27968856064 ] benchcpu=[0.0]
1788739381 use=[46 24 35 ] mem=[27587366912 27880689664 27968856064 ] benchcpu=[0.0]
1788739384 use=[49 53 3 ] mem=[27587366912 27880689664 27968856064 ] benchcpu=[0.0]
1788739387 use=[53 36 18 ] mem=[27587366912 27880689664 27968856064 ] benchcpu=[0.0]
1788739390 use=[98 98 98 ] mem=[27587366912 27880689664 27968856064 ] benchcpu=[0.0]
1788739393 use=[99 3 3 ] mem=[27587366912 27880689664 27968856064 ] benchcpu=[0.0]
1788739396 use=[46 58 3 ] mem=[27587366912 27880689664 27968856064 ] benchcpu=[0.0]
1788739400 use=[3 43 59 ] mem=[27587366912 27880689664 27968856064 ] benchcpu=[0.0]
1788739403 use=[33 52 21 ] mem=[27587366912 27880689664 27968856064 ] benchcpu=[0.0]
1788739406 use=[96 97 96 ] mem=[27587366912 27880689664 27968856064 ] benchcpu=[0.0]
1788739409 use=[87 78 90 ] mem=[27522453504 27815759872 27903918080 ] benchcpu=[0.0]
1788739412 use=[30 28 47 ] mem=[27522453504 27815759872 27903918080 ] benchcpu=[0.0]
1788739415 use=[100 100 100 ] mem=[27522723840 27816030208 27904188416 ] benchcpu=[0.0]
1788739418 use=[31 34 41 ] mem=[27522994176 27816300544 27904458752 ] benchcpu=[0.0]
1788739421 use=[56 48 3 ] mem=[27522994176 27816300544 27904458752 ] benchcpu=[0.0]
1788739425 use=[70 58 57 ] mem=[27522994176 27816300544 27904458752 ] benchcpu=[0.0]
1788739428 use=[40 56 10 ] mem=[27522994176 27816300544 27904458752 ] benchcpu=[0.0]
1788739431 use=[63 72 76 ] mem=[27522994176 27816300544 27904458752 ] benchcpu=[0.0]
1788739434 use=[40 37 29 ] mem=[27507814400 27801128960 27889287168 ] benchcpu=[0.0]
1788739437 use=[48 55 3 ] mem=[27508084736 27801399296 27889557504 ] benchcpu=[0.0]
1788739440 use=[55 66 55 ] mem=[27508084736 27801399296 27889557504 ] benchcpu=[0.0]
1788739443 use=[22 45 40 ] mem=[27508084736 27801399296 27889557504 ] benchcpu=[0.0]
1788739447 use=[56 55 52 ] mem=[25161052160 25454366720 25542524928 ] benchcpu=[0.0]
1788739450 use=[82 77 81 ] mem=[25161322496 25454637056 25542795264 ] benchcpu=[0.0]
1788739453 use=[53 54 52 ] mem=[23988695040 24282025984 24370176000 ] benchcpu=[0.0]
1788739456 use=[48 50 46 ] mem=[23963799552 24248741888 24332697600 ] benchcpu=[0.0]
1788739459 use=[75 46 75 ] mem=[23040856064 23334219776 23422361600 ] benchcpu=[0.0]
1788739462 use=[85 85 85 ] mem=[23040856064 23334219776 23422361600 ] benchcpu=[0.0]
1788739465 use=[7 9 10 ] mem=[531042304 530792448 530857984 ] benchcpu=[0.0]
