1788745799 use=[0 0 0 ] mem=[59953152 59953152 59953152 ] benchcpu=[0.0]
1788745803 use=[3 3 100 ] mem=[20813508608 23081947136 21175656448 ] benchcpu=[0.0]
1788745806 use=[29 7 3 ] mem=[25011200000 25581731840 24052801536 ] benchcpu=[0.0]
1788745809 use=[100 54 100 ] mem=[25267834880 25633906688 24270249984 ] benchcpu=[0.0]
1788745812 use=[91 30 52 ] mem=[25269932032 25636003840 24272347136 ] benchcpu=[0.0]
1788745815 use=[85 55 53 ] mem=[25274126336 25640198144 24276541440 ] benchcpu=[0.0]
1788745818 use=[92 29 62 ] mem=[25274126336 25640198144 24276541440 ] benchcpu=[0.0]
1788745821 use=[91 44 61 ] mem=[25274126336 25640198144 24276541440 ] benchcpu=[0.0]
1788745825 use=[100 3 3 ] mem=[25274126336 25640198144 24276541440 ] benchcpu=[0.0]
1788745828 use=[94 41 77 ] mem=[25274126336 25640198144 24276541440 ] benchcpu=[0.0]
1788745831 use=[84 10 22 ] mem=[25274126336 25640198144 24276541440 ] benchcpu=[0.0]
1788745834 use=[95 44 75 ] mem=[25274126336 25640198144 24276541440 ] benchcpu=[0.0]
1788745837 use=[91 26 61 ] mem=[25274126336 25640198144 24276541440 ] benchcpu=[0.0]
1788745840 use=[96 41 80 ] mem=[25274126336 25640198144 24276541440 ] benchcpu=[0.0]
1788745843 use=[93 28 63 ] mem=[25274126336 25640198144 24276541440 ] benchcpu=[0.0]
1788745847 use=[100 3 100 ] mem=[24973844480 25337823232 23976263680 ] benchcpu=[0.0]
1788745850 use=[95 44 71 ] mem=[24973844480 25337823232 23976263680 ] benchcpu=[0.0]
1788745853 use=[92 3 27 ] mem=[24973844480 25337823232 23976263680 ] benchcpu=[0.0]
1788745856 use=[96 37 76 ] mem=[24973844480 25337823232 23976263680 ] benchcpu=[0.0]
1788745859 use=[92 47 51 ] mem=[24973844480 25337823232 23976263680 ] benchcpu=[0.0]
1788745862 use=[94 31 64 ] mem=[24973844480 25337823232 23976263680 ] benchcpu=[0.0]
1788745865 use=[90 38 62 ] mem=[24736542720 25100521472 23738961920 ] benchcpu=[0.0]
1788745869 use=[100 3 3 ] mem=[25468133376 23674208256 24183238656 ] benchcpu=[0.0]
1788745872 use=[95 41 70 ] mem=[21274099712 23403180032 21527855104 ] benchcpu=[0.0]
1788745875 use=[95 41 69 ] mem=[21274402816 23403180032 21528170496 ] benchcpu=[0.0]
1788745878 use=[94 42 70 ] mem=[21274705920 23403180032 21528481792 ] benchcpu=[0.0]
1788745881 use=[58 45 53 ] mem=[437227520 438009856 437219328 ] benchcpu=[0.0]
