1788749508 use=[0 0 0 ] mem=[59953152 59953152 59953152 ] benchcpu=[0.0]
1788749511 use=[12 12 12 ] mem=[22332923904 22618140672 22702026752 ] benchcpu=[0.0]
1788749514 use=[12 12 12 ] mem=[22332923904 22618140672 22702026752 ] benchcpu=[0.0]
1788749517 use=[11 11 11 ] mem=[22332923904 22618140672 22702026752 ] benchcpu=[0.0]
1788749520 use=[10 9 10 ] mem=[22332923904 22618140672 22702026752 ] benchcpu=[0.0]
1788749523 use=[10 9 11 ] mem=[22332923904 22618140672 22702026752 ] benchcpu=[0.0]
1788749527 use=[3 14 7 ] mem=[22332923904 22618140672 22702026752 ] benchcpu=[0.0]
1788749530 use=[10 9 10 ] mem=[22332923904 22618140672 22702026752 ] benchcpu=[0.0]
1788749533 use=[5 5 5 ] mem=[22491369472 22818594816 22873337856 ] benchcpu=[0.0]
1788749536 use=[88 88 88 ] mem=[27837112320 28130770944 28219068416 ] benchcpu=[0.0]
1788749539 use=[100 100 100 ] mem=[27841306624 28134965248 28223262720 ] benchcpu=[0.0]
1788749542 use=[54 28 75 ] mem=[27845500928 28139159552 28227457024 ] benchcpu=[0.0]
1788749545 use=[29 53 24 ] mem=[27845500928 28139159552 28227457024 ] benchcpu=[0.0]
1788749549 use=[76 28 3 ] mem=[27845500928 28139159552 28227457024 ] benchcpu=[0.0]
1788749552 use=[3 62 41 ] mem=[27845500928 28139159552 28227457024 ] benchcpu=[0.0]
1788749555 use=[28 74 3 ] mem=[27845500928 28139159552 28227457024 ] benchcpu=[0.0]
1788749558 use=[3 46 57 ] mem=[27845500928 28139159552 28227457024 ] benchcpu=[0.0]
1788749561 use=[72 31 3 ] mem=[27845500928 28139159552 28227457024 ] benchcpu=[0.0]
1788749564 use=[22 48 68 ] mem=[27845500928 28139159552 28227457024 ] benchcpu=[0.0]
1788749567 use=[97 97 97 ] mem=[27845500928 28139159552 28227457024 ] benchcpu=[0.0]
1788749571 use=[3 3 99 ] mem=[27845500928 28139159552 28227457024 ] benchcpu=[0.0]
1788749574 use=[48 55 3 ] mem=[27845500928 28139159552 28227457024 ] benchcpu=[0.0]
1788749577 use=[100 3 3 ] mem=[27845500928 28139159552 28227457024 ] benchcpu=[0.0]
1788749580 use=[57 46 3 ] mem=[27845500928 28139159552 28227457024 ] benchcpu=[0.0]
1788749583 use=[29 3 74 ] mem=[27845500928 28139159552 28227457024 ] benchcpu=[0.0]
1788749586 use=[33 56 17 ] mem=[27845500928 28139159552 28227457024 ] benchcpu=[0.0]
1788749589 use=[54 11 41 ] mem=[27845500928 28139159552 28227457024 ] benchcpu=[0.0]
1788749593 use=[3 98 3 ] mem=[27845500928 28139159552 28227457024 ] benchcpu=[0.0]
1788749596 use=[96 96 96 ] mem=[27845500928 28139159552 28227457024 ] benchcpu=[0.0]
1788749599 use=[93 95 94 ] mem=[27845500928 28139159552 28227457024 ] benchcpu=[0.0]
1788749602 use=[39 33 34 ] mem=[27845500928 28139159552 28227457024 ] benchcpu=[0.0]
1788749605 use=[3 61 42 ] mem=[27845500928 28139159552 28227457024 ] benchcpu=[0.0]
1788749608 use=[55 33 17 ] mem=[27845500928 28139159552 28227457024 ] benchcpu=[0.0]
1788749611 use=[3 12 91 ] mem=[27845500928 28139159552 28227457024 ] benchcpu=[0.0]
1788749615 use=[97 3 3 ] mem=[27845500928 28139159552 28227457024 ] benchcpu=[0.0]
1788749618 use=[38 3 65 ] mem=[27845500928 28139159552 28227457024 ] benchcpu=[0.0]
1788749621 use=[29 74 3 ] mem=[27845500928 28139159552 28227457024 ] benchcpu=[0.0]
1788749624 use=[93 93 93 ] mem=[27845500928 28139159552 28227457024 ] benchcpu=[0.0]
1788749627 use=[100 100 100 ] mem=[27845500928 28139159552 28227457024 ] benchcpu=[0.0]
1788749630 use=[64 65 65 ] mem=[27648245760 27941900288 28030185472 ] benchcpu=[0.0]
1788749633 use=[59 32 73 ] mem=[27648245760 27941900288 28030185472 ] benchcpu=[0.0]
1788749637 use=[30 27 49 ] mem=[27648245760 27941900288 28030185472 ] benchcpu=[0.0]
1788749640 use=[44 19 42 ] mem=[27648245760 27941900288 28030185472 ] benchcpu=[0.0]
1788749643 use=[82 21 3 ] mem=[27648245760 27941900288 28030185472 ] benchcpu=[0.0]
1788749646 use=[97 97 97 ] mem=[27648245760 27941900288 28030185472 ] benchcpu=[0.0]
1788749649 use=[52 51 3 ] mem=[27648245760 27941900288 28030185472 ] benchcpu=[0.0]
1788749652 use=[55 35 17 ] mem=[27648245760 27941900288 28030185472 ] benchcpu=[0.0]
1788749655 use=[32 61 13 ] mem=[27648245760 27941900288 28030185472 ] benchcpu=[0.0]
1788749659 use=[39 45 23 ] mem=[27648245760 27941900288 28030185472 ] benchcpu=[0.0]
1788749662 use=[98 98 98 ] mem=[27648245760 27941900288 28030185472 ] benchcpu=[0.0]
1788749665 use=[3 29 74 ] mem=[27648245760 27941900288 28030185472 ] benchcpu=[0.0]
1788749668 use=[18 38 51 ] mem=[27648245760 27941900288 28030185472 ] benchcpu=[0.0]
1788749671 use=[46 3 56 ] mem=[27648245760 27941900288 28030185472 ] benchcpu=[0.0]
1788749674 use=[42 68 70 ] mem=[27648245760 27941900288 28030185472 ] benchcpu=[0.0]
1788749677 use=[18 18 18 ] mem=[27518169088 27811831808 27900108800 ] benchcpu=[0.0]
1788749680 use=[46 41 46 ] mem=[27551719424 27845386240 27933659136 ] benchcpu=[0.0]
1788749684 use=[33 26 47 ] mem=[27551719424 27845386240 27933659136 ] benchcpu=[0.0]
1788749687 use=[35 68 3 ] mem=[27552260096 27845926912 27934199808 ] benchcpu=[0.0]
1788749690 use=[31 37 38 ] mem=[27552260096 27845926912 27934199808 ] benchcpu=[0.0]
1788749693 use=[96 96 96 ] mem=[27552260096 27845926912 27934199808 ] benchcpu=[0.0]
1788749696 use=[32 39 35 ] mem=[27552260096 27845926912 27934199808 ] benchcpu=[0.0]
1788749699 use=[23 44 39 ] mem=[27552260096 27845926912 27934199808 ] benchcpu=[0.0]
1788749702 use=[61 62 62 ] mem=[27520229376 27813896192 27902169088 ] benchcpu=[0.0]
1788749706 use=[78 70 81 ] mem=[27520499712 27814166528 27902439424 ] benchcpu=[0.0]
1788749709 use=[100 100 100 ] mem=[27520499712 27814166528 27902439424 ] benchcpu=[0.0]
1788749712 use=[35 41 30 ] mem=[27520499712 27814166528 27902439424 ] benchcpu=[0.0]
1788749715 use=[33 34 35 ] mem=[25165066240 25458733056 25547005952 ] benchcpu=[0.0]
1788749718 use=[50 51 49 ] mem=[25165336576 25459003392 25547276288 ] benchcpu=[0.0]
1788749721 use=[56 61 60 ] mem=[23990898688 24284557312 24372830208 ] benchcpu=[0.0]
1788749724 use=[63 67 65 ] mem=[23046447104 23340097536 23428354048 ] benchcpu=[0.0]
1788749728 use=[97 97 97 ] mem=[23046447104 23340097536 23428354048 ] benchcpu=[0.0]
1788749731 use=[97 98 97 ] mem=[23046447104 23340097536 23428354048 ] benchcpu=[0.0]
