[19:17:50] == t1-ub1536: ctx=204800 batch=2048 ub=1536 par=1 kv=q8_0 unified=0 extra=''
t1-ub1536 r1: tokens=5 40 len 189
content:  Paris. The capital of Germany is Berlin. The capital of Italy is Rome. The capital of Spain is Madrid. The capital of P
t1-ub1536 r2: tokens=7 40 len 155
content:  Pacific Ocean, which covers about 63.8 million square miles (165.2 million square kilometers), or roughly 46% of the Ea
t1-ub1536: done (server exit 0)
[19:18:07] == t2-bf16: ctx=204800 batch=2048 ub=2048 par=1 kv=bf16 unified=0 extra=''
t2-bf16 r1: tokens=5 40 len 189
content:  Paris. The capital of Germany is Berlin. The capital of Italy is Rome. The capital of Spain is Madrid. The capital of P
t2-bf16 r2: tokens=7 40 len 178
content:  Pacific Ocean, which covers about 63.8 million square miles (165.2 million square kilometers), making it larger than al
t2-bf16: done (server exit 0)
[19:18:24] == t3-f32: ctx=204800 batch=2048 ub=2048 par=1 kv=f32 unified=0 extra=''
t3-f32: server died early
#17 0x00007ff602eb2775 in llama_server(int, char**) () from /tmp/bin-keysonly/libllama-server-impl.so
#18 0x00007ff5faa0a681 in __libc_start_call_main () from /lib64/libc.so.6
#19 0x00007ff5faa0a798 in __libc_start_main_impl () from /lib64/libc.so.6
#20 0x0000557e8a4e27a5 in _start ()
[Inferior 1 (process 508544) detached]
[19:18:44] == t4-par2: ctx=204800 batch=2048 ub=2048 par=2 kv=q8_0 unified=0 extra=''
t4-par2 r1: tokens=5 40 len 189
content:  Paris. The capital of Germany is Berlin. The capital of Italy is Rome. The capital of Spain is Madrid. The capital of P
t4-par2 r2: tokens=7 40 len 155
content:  Pacific Ocean, which covers about 63.8 million square miles (165.2 million square kilometers), or roughly 46% of the Ea
t4-par2: done (server exit 0)
[19:19:00] == t5-unified: ctx=204800 batch=2048 ub=2048 par=2 kv=q8_0 unified=1 extra=''
t5-unified r1: tokens=5 40 len 189
content:  Paris. The capital of Germany is Berlin. The capital of Italy is Rome. The capital of Spain is Madrid. The capital of P
t5-unified r2: tokens=7 40 len 178
content:  Pacific Ocean, which covers about 63.8 million square miles (165.2 million square kilometers), making it larger than al
t5-unified: done (server exit 0)
[19:19:16] driver: functional smoke tests complete
