1788767168 use=[0 0 0 ] mem=[59953152 59953152 59953152 ] benchcpu=[0.0]
1788767171 use=[48 3 3 ] mem=[22332932096 22618148864 22702034944 ] benchcpu=[0.0]
1788767174 use=[14 12 12 ] mem=[22332932096 22618148864 22702034944 ] benchcpu=[0.0]
1788767177 use=[7 12 12 ] mem=[22332932096 22618148864 22702034944 ] benchcpu=[0.0]
1788767181 use=[10 9 9 ] mem=[22332932096 22618148864 22702034944 ] benchcpu=[0.0]
1788767184 use=[11 12 11 ] mem=[22332932096 22618148864 22702034944 ] benchcpu=[0.0]
1788767187 use=[10 10 10 ] mem=[22332932096 22618148864 22702034944 ] benchcpu=[0.0]
1788767190 use=[9 10 9 ] mem=[22332932096 22618148864 22702034944 ] benchcpu=[0.0]
1788767193 use=[16 3 3 ] mem=[27942944768 28331446272 28324405248 ] benchcpu=[0.0]
1788767196 use=[41 35 30 ] mem=[28273614848 28566896640 28655067136 ] benchcpu=[0.0]
1788767199 use=[100 100 100 ] mem=[28274106368 28567396352 28655562752 ] benchcpu=[0.0]
1788767202 use=[96 97 96 ] mem=[28278300672 28571590656 28659757056 ] benchcpu=[0.0]
1788767206 use=[93 94 94 ] mem=[28286689280 28579979264 28668145664 ] benchcpu=[0.0]
1788767209 use=[96 96 96 ] mem=[28295081984 28588371968 28676538368 ] benchcpu=[0.0]
1788767212 use=[72 72 72 ] mem=[28308529152 28601819136 28689989632 ] benchcpu=[0.0]
1788767215 use=[53 3 50 ] mem=[28314820608 28608704512 28696281088 ] benchcpu=[0.0]
1788767218 use=[14 88 3 ] mem=[28314820608 28608704512 28696281088 ] benchcpu=[0.0]
1788767221 use=[3 100 3 ] mem=[28314820608 28608704512 28696281088 ] benchcpu=[0.0]
1788767224 use=[3 76 27 ] mem=[28314820608 28608704512 28696281088 ] benchcpu=[0.0]
1788767228 use=[8 3 95 ] mem=[28314820608 28608704512 28696281088 ] benchcpu=[0.0]
1788767231 use=[39 64 3 ] mem=[28314820608 28608704512 28696281088 ] benchcpu=[0.0]
1788767234 use=[12 91 3 ] mem=[28314820608 28608704512 28696281088 ] benchcpu=[0.0]
1788767237 use=[3 56 48 ] mem=[28314820608 28608704512 28696281088 ] benchcpu=[0.0]
1788767240 use=[15 3 88 ] mem=[28314820608 28608704512 28696281088 ] benchcpu=[0.0]
1788767243 use=[95 9 3 ] mem=[28314820608 28608704512 28696281088 ] benchcpu=[0.0]
1788767246 use=[16 80 11 ] mem=[28314820608 28608704512 28696281088 ] benchcpu=[0.0]
1788767250 use=[3 3 100 ] mem=[28314820608 28608704512 28696281088 ] benchcpu=[0.0]
1788767253 use=[37 3 66 ] mem=[28314820608 28608704512 28696281088 ] benchcpu=[0.0]
1788767256 use=[37 66 3 ] mem=[28314820608 28608704512 28696281088 ] benchcpu=[0.0]
1788767259 use=[17 57 32 ] mem=[28314820608 28608704512 28696281088 ] benchcpu=[0.0]
1788767262 use=[42 42 74 ] mem=[28315414528 28608704512 28696875008 ] benchcpu=[0.0]
1788767265 use=[3 3 100 ] mem=[28315414528 28608704512 28696875008 ] benchcpu=[0.0]
1788767268 use=[58 45 3 ] mem=[28315414528 28608704512 28696875008 ] benchcpu=[0.0]
1788767272 use=[3 100 3 ] mem=[28315414528 28608704512 28696875008 ] benchcpu=[0.0]
1788767275 use=[3 42 61 ] mem=[28315414528 28608704512 28696875008 ] benchcpu=[0.0]
1788767278 use=[6 3 97 ] mem=[28315414528 28608704512 28696875008 ] benchcpu=[0.0]
1788767281 use=[58 45 3 ] mem=[28315414528 28608704512 28696875008 ] benchcpu=[0.0]
1788767284 use=[3 75 28 ] mem=[28315414528 28608704512 28696875008 ] benchcpu=[0.0]
1788767287 use=[3 3 100 ] mem=[28315414528 28608704512 28696875008 ] benchcpu=[0.0]
1788767290 use=[41 3 62 ] mem=[28315414528 28608704512 28696875008 ] benchcpu=[0.0]
1788767293 use=[3 100 3 ] mem=[28315414528 28608704512 28696875008 ] benchcpu=[0.0]
1788767297 use=[3 55 48 ] mem=[28315414528 28608704512 28696875008 ] benchcpu=[0.0]
1788767300 use=[3 3 100 ] mem=[28315414528 28608704512 28696875008 ] benchcpu=[0.0]
1788767303 use=[54 3 49 ] mem=[28315414528 28608704512 28696875008 ] benchcpu=[0.0]
1788767306 use=[3 100 3 ] mem=[28315414528 28608704512 28696875008 ] benchcpu=[0.0]
1788767309 use=[3 50 53 ] mem=[28315414528 28608704512 28696875008 ] benchcpu=[0.0]
1788767312 use=[85 84 85 ] mem=[28290248704 28575150080 28659126272 ] benchcpu=[0.0]
1788767315 use=[96 96 96 ] mem=[27684921344 27978272768 28066418688 ] benchcpu=[0.0]
1788767319 use=[70 3 33 ] mem=[27684921344 27978272768 28066418688 ] benchcpu=[0.0]
1788767322 use=[97 6 3 ] mem=[27684921344 27978272768 28066418688 ] benchcpu=[0.0]
1788767325 use=[54 49 3 ] mem=[27684921344 27978272768 28066418688 ] benchcpu=[0.0]
1788767328 use=[3 3 100 ] mem=[27684921344 27978272768 28066418688 ] benchcpu=[0.0]
1788767331 use=[52 3 51 ] mem=[27684921344 27978272768 28066418688 ] benchcpu=[0.0]
1788767334 use=[40 63 3 ] mem=[27684921344 27978272768 28066418688 ] benchcpu=[0.0]
1788767337 use=[3 3 99 ] mem=[27684921344 27978272768 28066418688 ] benchcpu=[0.0]
1788767341 use=[19 3 84 ] mem=[27684921344 27978272768 28066418688 ] benchcpu=[0.0]
1788767344 use=[3 100 3 ] mem=[27684921344 27978272768 28066418688 ] benchcpu=[0.0]
1788767347 use=[50 53 3 ] mem=[27684921344 27978272768 28066418688 ] benchcpu=[0.0]
1788767350 use=[3 89 14 ] mem=[27684921344 27978272768 28066418688 ] benchcpu=[0.0]
1788767353 use=[53 3 51 ] mem=[27684921344 27978272768 28066418688 ] benchcpu=[0.0]
1788767356 use=[66 37 3 ] mem=[27684921344 27978272768 28066418688 ] benchcpu=[0.0]
1788767359 use=[3 99 3 ] mem=[27684921344 27978272768 28066418688 ] benchcpu=[0.0]
1788767363 use=[8 15 82 ] mem=[27671515136 27964870656 28053016576 ] benchcpu=[0.0]
1788767366 use=[96 97 96 ] mem=[27684921344 27978272768 28066418688 ] benchcpu=[0.0]
1788767369 use=[40 3 63 ] mem=[27684921344 27978272768 28066418688 ] benchcpu=[0.0]
1788767372 use=[26 78 3 ] mem=[27684921344 27978272768 28066418688 ] benchcpu=[0.0]
1788767375 use=[6 55 44 ] mem=[27684921344 27978272768 28066418688 ] benchcpu=[0.0]
1788767378 use=[12 3 91 ] mem=[27684921344 27978272768 28066418688 ] benchcpu=[0.0]
1788767381 use=[3 98 3 ] mem=[27684921344 27978272768 28066418688 ] benchcpu=[0.0]
1788767384 use=[55 48 3 ] mem=[27684921344 27978272768 28066418688 ] benchcpu=[0.0]
1788767388 use=[3 100 3 ] mem=[27684921344 27978272768 28066418688 ] benchcpu=[0.0]
1788767391 use=[66 3 37 ] mem=[27684921344 27978272768 28066418688 ] benchcpu=[0.0]
1788767394 use=[85 18 3 ] mem=[27684921344 27978272768 28066418688 ] benchcpu=[0.0]
1788767397 use=[56 47 3 ] mem=[27684921344 27978272768 28066418688 ] benchcpu=[0.0]
1788767400 use=[3 3 100 ] mem=[27684921344 27978272768 28066418688 ] benchcpu=[0.0]
1788767403 use=[54 3 49 ] mem=[27684921344 27978272768 28066418688 ] benchcpu=[0.0]
1788767406 use=[44 59 3 ] mem=[27684921344 27978272768 28066418688 ] benchcpu=[0.0]
1788767410 use=[3 3 100 ] mem=[27684921344 27978272768 28066418688 ] benchcpu=[0.0]
1788767413 use=[65 67 81 ] mem=[27684921344 27978272768 28066418688 ] benchcpu=[0.0]
1788767416 use=[18 18 19 ] mem=[514260992 513871872 513982464 ] benchcpu=[0.0]
