1788767561 use=[0 0 0 ] mem=[59953152 59953152 59953152 ] benchcpu=[0.0]
1788767565 use=[11 10 10 ] mem=[22332932096 22618148864 22702034944 ] benchcpu=[0.0]
1788767568 use=[16 12 9 ] mem=[22332932096 22618148864 22702034944 ] benchcpu=[0.0]
1788767571 use=[12 12 12 ] mem=[22332932096 22618148864 22702034944 ] benchcpu=[0.0]
1788767574 use=[9 7 10 ] mem=[22332932096 22618148864 22702034944 ] benchcpu=[0.0]
1788767577 use=[9 9 10 ] mem=[22332932096 22618148864 22702034944 ] benchcpu=[0.0]
1788767580 use=[10 10 11 ] mem=[22332932096 22618148864 22702034944 ] benchcpu=[0.0]
1788767583 use=[9 9 10 ] mem=[22332932096 22618148864 22702034944 ] benchcpu=[0.0]
1788767587 use=[13 15 14 ] mem=[22333009920 22618214400 22702112768 ] benchcpu=[0.0]
1788767590 use=[89 89 89 ] mem=[23986487296 24279871488 24367861760 ] benchcpu=[0.0]
1788767593 use=[55 58 57 ] mem=[23961591808 24246587392 24330383360 ] benchcpu=[0.0]
1788767596 use=[97 97 97 ] mem=[23826583552 24119984128 24208015360 ] benchcpu=[0.0]
1788767599 use=[93 94 94 ] mem=[23826583552 24119984128 24208015360 ] benchcpu=[0.0]
1788767602 use=[97 97 97 ] mem=[23826583552 24119984128 24208015360 ] benchcpu=[0.0]
1788767605 use=[71 72 71 ] mem=[23826583552 24119984128 24208015360 ] benchcpu=[0.0]
1788767609 use=[97 97 97 ] mem=[23826583552 24119984128 24208015360 ] benchcpu=[0.0]
1788767612 use=[97 97 97 ] mem=[23826583552 24119984128 24208015360 ] benchcpu=[0.0]
1788767615 use=[65 64 63 ] mem=[23826583552 24119984128 24208015360 ] benchcpu=[0.0]
1788767618 use=[97 97 97 ] mem=[23826583552 24119984128 24208015360 ] benchcpu=[0.0]
1788767621 use=[96 96 96 ] mem=[23826583552 24119984128 24208015360 ] benchcpu=[0.0]
1788767624 use=[97 97 97 ] mem=[23826583552 24119984128 24208015360 ] benchcpu=[0.0]
