1788738761 use=[0 0 0 ] mem=[59953152 59953152 59953152 ] benchcpu=[0.0]
1788738764 use=[14 15 14 ] mem=[22331289600 22616506368 22700396544 ] benchcpu=[0.0]
1788738767 use=[15 13 13 ] mem=[22332178432 22617395200 22701285376 ] benchcpu=[0.0]
1788738770 use=[13 12 12 ] mem=[22331969536 22617186304 22701076480 ] benchcpu=[0.0]
1788738773 use=[11 12 12 ] mem=[22331969536 22617186304 22701076480 ] benchcpu=[0.0]
1788738777 use=[7 10 10 ] mem=[22331965440 22617182208 22701072384 ] benchcpu=[0.0]
1788738780 use=[15 16 16 ] mem=[22332047360 22617260032 22701150208 ] benchcpu=[0.0]
1788738783 use=[11 11 14 ] mem=[27744620544 28087463936 28177506304 ] benchcpu=[0.0]
1788738786 use=[97 97 97 ] mem=[27837956096 28131397632 28219387904 ] benchcpu=[0.0]
1788738789 use=[96 96 96 ] mem=[27844247552 28137689088 28225679360 ] benchcpu=[0.0]
1788738792 use=[49 28 28 ] mem=[27844247552 28137689088 28225679360 ] benchcpu=[0.0]
1788738795 use=[3 50 53 ] mem=[27844247552 28137689088 28225679360 ] benchcpu=[0.0]
1788738799 use=[3 99 3 ] mem=[27844247552 28137689088 28225679360 ] benchcpu=[0.0]
1788738802 use=[10 22 74 ] mem=[27844247552 28137689088 28225679360 ] benchcpu=[0.0]
1788738805 use=[92 11 3 ] mem=[27844247552 28137689088 28225679360 ] benchcpu=[0.0]
1788738808 use=[32 3 71 ] mem=[27844247552 28137689088 28225679360 ] benchcpu=[0.0]
1788738811 use=[30 71 6 ] mem=[27844247552 28137689088 28225679360 ] benchcpu=[0.0]
1788738814 use=[73 73 78 ] mem=[27844247552 28137689088 28225679360 ] benchcpu=[0.0]
1788738817 use=[97 97 97 ] mem=[27844247552 28137689088 28225679360 ] benchcpu=[0.0]
1788738821 use=[99 3 3 ] mem=[27844247552 28137689088 28225679360 ] benchcpu=[0.0]
1788738824 use=[49 53 3 ] mem=[27844247552 28137689088 28225679360 ] benchcpu=[0.0]
1788738827 use=[3 3 99 ] mem=[27844247552 28137689088 28225679360 ] benchcpu=[0.0]
1788738830 use=[33 55 17 ] mem=[27844247552 28137689088 28225679360 ] benchcpu=[0.0]
1788738833 use=[74 6 25 ] mem=[27844247552 28137689088 28225679360 ] benchcpu=[0.0]
1788738836 use=[29 48 29 ] mem=[27844247552 28137689088 28225679360 ] benchcpu=[0.0]
1788738839 use=[48 54 3 ] mem=[27844247552 28137689088 28225679360 ] benchcpu=[0.0]
1788738843 use=[3 3 98 ] mem=[27844247552 28137689088 28225679360 ] benchcpu=[0.0]
1788738846 use=[96 96 96 ] mem=[27844247552 28137689088 28225679360 ] benchcpu=[0.0]
1788738849 use=[100 100 100 ] mem=[27844247552 28137689088 28225679360 ] benchcpu=[0.0]
1788738852 use=[54 17 34 ] mem=[27844247552 28137689088 28225679360 ] benchcpu=[0.0]
1788738855 use=[3 78 24 ] mem=[27844247552 28137689088 28225679360 ] benchcpu=[0.0]
1788738858 use=[46 30 30 ] mem=[27844247552 28137689088 28225679360 ] benchcpu=[0.0]
1788738861 use=[3 41 61 ] mem=[27844247552 28137689088 28225679360 ] benchcpu=[0.0]
1788738865 use=[49 42 15 ] mem=[27844247552 28137689088 28225679360 ] benchcpu=[0.0]
1788738868 use=[12 10 83 ] mem=[27844247552 28137689088 28225679360 ] benchcpu=[0.0]
1788738871 use=[99 3 3 ] mem=[27844247552 28137689088 28225679360 ] benchcpu=[0.0]
1788738874 use=[53 53 72 ] mem=[27844247552 28137689088 28225679360 ] benchcpu=[0.0]
1788738877 use=[100 100 100 ] mem=[27844247552 28137689088 28225679360 ] benchcpu=[0.0]
1788738880 use=[88 88 88 ] mem=[27819081728 28104134656 28187930624 ] benchcpu=[0.0]
1788738883 use=[97 98 97 ] mem=[27646902272 27940294656 28028297216 ] benchcpu=[0.0]
1788738887 use=[50 37 19 ] mem=[27646902272 27940294656 28028297216 ] benchcpu=[0.0]
1788738890 use=[38 45 22 ] mem=[27646902272 27940294656 28028297216 ] benchcpu=[0.0]
1788738893 use=[3 96 6 ] mem=[27646902272 27940294656 28028297216 ] benchcpu=[0.0]
1788738896 use=[20 49 37 ] mem=[27646902272 27940294656 28028297216 ] benchcpu=[0.0]
1788738899 use=[95 96 95 ] mem=[27646902272 27940294656 28028297216 ] benchcpu=[0.0]
1788738902 use=[31 55 20 ] mem=[27646902272 27940294656 28028297216 ] benchcpu=[0.0]
1788738905 use=[3 33 69 ] mem=[27646902272 27940294656 28028297216 ] benchcpu=[0.0]
1788738909 use=[27 40 39 ] mem=[27646902272 27940294656 28028297216 ] benchcpu=[0.0]
1788738912 use=[30 48 52 ] mem=[27646902272 27940294656 28028297216 ] benchcpu=[0.0]
1788738915 use=[27 27 100 ] mem=[27646902272 27940294656 28028297216 ] benchcpu=[0.0]
1788738918 use=[18 33 55 ] mem=[27646902272 27940294656 28028297216 ] benchcpu=[0.0]
1788738921 use=[50 3 53 ] mem=[27646902272 27940294656 28028297216 ] benchcpu=[0.0]
1788738924 use=[32 21 53 ] mem=[27646902272 27940294656 28028297216 ] benchcpu=[0.0]
1788738927 use=[97 97 97 ] mem=[27646902272 27940294656 28028297216 ] benchcpu=[0.0]
1788738931 use=[70 70 70 ] mem=[27550576640 27843981312 27931967488 ] benchcpu=[0.0]
1788738934 use=[26 35 45 ] mem=[27550576640 27843981312 27931967488 ] benchcpu=[0.0]
1788738937 use=[41 62 3 ] mem=[27550576640 27843981312 27931967488 ] benchcpu=[0.0]
1788738940 use=[82 70 86 ] mem=[27551117312 27844521984 27932508160 ] benchcpu=[0.0]
1788738943 use=[46 30 30 ] mem=[27551117312 27844521984 27932508160 ] benchcpu=[0.0]
1788738946 use=[47 58 54 ] mem=[27551117312 27844521984 27932508160 ] benchcpu=[0.0]
1788738949 use=[52 23 31 ] mem=[27551117312 27844521984 27932508160 ] benchcpu=[0.0]
1788738952 use=[41 37 28 ] mem=[27551117312 27844521984 27932508160 ] benchcpu=[0.0]
1788738956 use=[42 42 43 ] mem=[27519098880 27812503552 27900481536 ] benchcpu=[0.0]
1788738959 use=[48 54 3 ] mem=[27519098880 27812503552 27900481536 ] benchcpu=[0.0]
1788738962 use=[31 34 40 ] mem=[27519369216 27812773888 27900751872 ] benchcpu=[0.0]
1788738965 use=[20 21 63 ] mem=[27519369216 27812773888 27900751872 ] benchcpu=[0.0]
1788738968 use=[60 65 61 ] mem=[22638579712 22936178688 23019974656 ] benchcpu=[0.0]
1788738971 use=[69 71 65 ] mem=[25164201984 25457606656 25545596928 ] benchcpu=[0.0]
1788738974 use=[52 50 48 ] mem=[25164201984 25457606656 25545596928 ] benchcpu=[0.0]
1788738978 use=[56 54 54 ] mem=[23989743616 24283148288 24371126272 ] benchcpu=[0.0]
1788738981 use=[96 96 96 ] mem=[23045279744 23338700800 23426711552 ] benchcpu=[0.0]
1788738984 use=[96 96 96 ] mem=[23045279744 23338700800 23426711552 ] benchcpu=[0.0]
1788738987 use=[96 96 96 ] mem=[23045279744 23338700800 23426711552 ] benchcpu=[0.0]
