1788741049 use=[0 0 0 ] mem=[59949056 59949056 59949056 ] benchcpu=[0.0]
1788741052 use=[11 14 13 ] mem=[22332854272 22618071040 22701961216 ] benchcpu=[0.0]
1788741055 use=[12 13 13 ] mem=[22332854272 22618071040 22701961216 ] benchcpu=[0.0]
1788741058 use=[12 12 12 ] mem=[22332882944 22618099712 22701989888 ] benchcpu=[0.0]
1788741061 use=[8 12 10 ] mem=[22332882944 22618099712 22701989888 ] benchcpu=[0.0]
1788741064 use=[10 11 10 ] mem=[22332882944 22618099712 22701989888 ] benchcpu=[0.0]
1788741067 use=[7 11 11 ] mem=[22332882944 22618099712 22701989888 ] benchcpu=[0.0]
1788741071 use=[12 13 13 ] mem=[22332960768 22618165248 22702067712 ] benchcpu=[0.0]
1788741074 use=[13 15 16 ] mem=[27795406848 28088905728 28178960384 ] benchcpu=[0.0]
1788741077 use=[98 98 98 ] mem=[27839455232 28132835328 28220837888 ] benchcpu=[0.0]
1788741080 use=[97 97 97 ] mem=[27845746688 28139126784 28227129344 ] benchcpu=[0.0]
1788741083 use=[42 60 3 ] mem=[27845746688 28139126784 28227129344 ] benchcpu=[0.0]
1788741086 use=[3 41 62 ] mem=[27845746688 28139126784 28227129344 ] benchcpu=[0.0]
1788741089 use=[61 43 3 ] mem=[27845746688 28139126784 28227129344 ] benchcpu=[0.0]
1788741093 use=[4 31 70 ] mem=[27845746688 28139126784 28227129344 ] benchcpu=[0.0]
1788741096 use=[42 61 3 ] mem=[27845746688 28139126784 28227129344 ] benchcpu=[0.0]
1788741099 use=[26 24 56 ] mem=[27845746688 28139126784 28227129344 ] benchcpu=[0.0]
1788741102 use=[45 58 3 ] mem=[27845746688 28139126784 28227129344 ] benchcpu=[0.0]
1788741105 use=[100 100 100 ] mem=[27845746688 28139126784 28227129344 ] benchcpu=[0.0]
1788741108 use=[96 96 96 ] mem=[27845746688 28139126784 28227129344 ] benchcpu=[0.0]
1788741111 use=[54 3 49 ] mem=[27845746688 28139126784 28227129344 ] benchcpu=[0.0]
1788741115 use=[59 42 3 ] mem=[27845746688 28139126784 28227129344 ] benchcpu=[0.0]
1788741118 use=[60 3 43 ] mem=[27845746688 28139126784 28227129344 ] benchcpu=[0.0]
1788741121 use=[45 52 9 ] mem=[27845746688 28139126784 28227129344 ] benchcpu=[0.0]
1788741124 use=[56 3 46 ] mem=[27845746688 28139126784 28227129344 ] benchcpu=[0.0]
1788741127 use=[3 100 3 ] mem=[27845746688 28139126784 28227129344 ] benchcpu=[0.0]
1788741130 use=[40 39 27 ] mem=[27845746688 28139126784 28227129344 ] benchcpu=[0.0]
1788741133 use=[3 36 67 ] mem=[27845746688 28139126784 28227129344 ] benchcpu=[0.0]
1788741137 use=[97 97 97 ] mem=[27845746688 28139126784 28227129344 ] benchcpu=[0.0]
1788741140 use=[96 96 97 ] mem=[27845746688 28139126784 28227129344 ] benchcpu=[0.0]
1788741143 use=[51 11 43 ] mem=[27845746688 28139126784 28227129344 ] benchcpu=[0.0]
1788741146 use=[3 55 48 ] mem=[27845746688 28139126784 28227129344 ] benchcpu=[0.0]
1788741149 use=[100 3 3 ] mem=[27845746688 28139126784 28227129344 ] benchcpu=[0.0]
1788741152 use=[3 39 64 ] mem=[27845746688 28139126784 28227129344 ] benchcpu=[0.0]
1788741155 use=[28 75 3 ] mem=[27845746688 28139126784 28227129344 ] benchcpu=[0.0]
1788741159 use=[11 33 62 ] mem=[27845746688 28139126784 28227129344 ] benchcpu=[0.0]
1788741162 use=[59 44 3 ] mem=[27845746688 28139126784 28227129344 ] benchcpu=[0.0]
1788741165 use=[53 64 77 ] mem=[27845746688 28139126784 28227129344 ] benchcpu=[0.0]
1788741168 use=[97 98 97 ] mem=[27845746688 28139126784 28227129344 ] benchcpu=[0.0]
1788741171 use=[44 45 45 ] mem=[22860398592 23153786880 23241797632 ] benchcpu=[0.0]
1788741174 use=[97 97 97 ] mem=[27648401408 27941797888 28029800448 ] benchcpu=[0.0]
1788741177 use=[3 57 46 ] mem=[27648401408 27941797888 28029800448 ] benchcpu=[0.0]
1788741181 use=[22 48 36 ] mem=[27648401408 27941797888 28029800448 ] benchcpu=[0.0]
1788741184 use=[17 22 67 ] mem=[27648401408 27941797888 28029800448 ] benchcpu=[0.0]
1788741187 use=[39 54 51 ] mem=[27648401408 27941797888 28029800448 ] benchcpu=[0.0]
1788741190 use=[79 79 100 ] mem=[27648401408 27941797888 28029800448 ] benchcpu=[0.0]
1788741193 use=[99 3 3 ] mem=[27648401408 27941797888 28029800448 ] benchcpu=[0.0]
1788741196 use=[23 22 62 ] mem=[27648401408 27941797888 28029800448 ] benchcpu=[0.0]
1788741199 use=[60 16 30 ] mem=[27648401408 27941797888 28029800448 ] benchcpu=[0.0]
1788741203 use=[72 73 87 ] mem=[27648401408 27941797888 28029800448 ] benchcpu=[0.0]
1788741206 use=[63 3 39 ] mem=[27648401408 27941797888 28029800448 ] benchcpu=[0.0]
1788741209 use=[28 28 50 ] mem=[27648401408 27941797888 28029800448 ] benchcpu=[0.0]
1788741212 use=[51 29 25 ] mem=[27648401408 27941797888 28029800448 ] benchcpu=[0.0]
1788741215 use=[49 53 3 ] mem=[27648401408 27941797888 28029800448 ] benchcpu=[0.0]
1788741218 use=[97 97 97 ] mem=[27648401408 27941797888 28029800448 ] benchcpu=[0.0]
1788741221 use=[94 95 95 ] mem=[27551903744 27845292032 27933302784 ] benchcpu=[0.0]
1788741225 use=[38 35 34 ] mem=[27551903744 27845292032 27933302784 ] benchcpu=[0.0]
1788741228 use=[39 51 16 ] mem=[27551903744 27845292032 27933302784 ] benchcpu=[0.0]
1788741231 use=[66 60 54 ] mem=[27552444416 27845832704 27933843456 ] benchcpu=[0.0]
1788741234 use=[31 55 21 ] mem=[27552444416 27845832704 27933843456 ] benchcpu=[0.0]
1788741237 use=[100 100 100 ] mem=[27552444416 27845832704 27933843456 ] benchcpu=[0.0]
1788741240 use=[31 43 31 ] mem=[27552444416 27845832704 27933843456 ] benchcpu=[0.0]
1788741243 use=[60 60 60 ] mem=[27552444416 27845832704 27933843456 ] benchcpu=[0.0]
1788741247 use=[67 64 59 ] mem=[27520253952 27813646336 27901644800 ] benchcpu=[0.0]
1788741250 use=[100 100 100 ] mem=[27520524288 27813916672 27901915136 ] benchcpu=[0.0]
1788741253 use=[30 34 35 ] mem=[27520524288 27813916672 27901915136 ] benchcpu=[0.0]
1788741256 use=[39 30 37 ] mem=[27520524288 27813916672 27901915136 ] benchcpu=[0.0]
1788741259 use=[9 3 95 ] mem=[25165185024 25458569216 25546579968 ] benchcpu=[0.0]
1788741262 use=[55 58 55 ] mem=[25165455360 25458839552 25546850304 ] benchcpu=[0.0]
1788741265 use=[78 75 68 ] mem=[23990849536 24284229632 24372240384 ] benchcpu=[0.0]
1788741269 use=[59 60 59 ] mem=[23965954048 24250945536 24334761984 ] benchcpu=[0.0]
1788741272 use=[96 97 96 ] mem=[23046647808 23340040192 23428059136 ] benchcpu=[0.0]
1788741275 use=[89 90 89 ] mem=[23046647808 23340040192 23428059136 ] benchcpu=[0.0]
1788741278 use=[44 44 46 ] mem=[589381632 589176832 589119488 ] benchcpu=[0.0]
